=== QSCI with H-cGQE operators ===
Started: Sun 26 Jul 04:34:12 BST 2026
Node: gpu016.aire.lee.alces.network
GPU: NVIDIA L40S
Loaded operator sequences for 35 molecules

[1/7] h2 (4 qubits, 15 terms)
  Bond dimension D=64...
    Sampled 2 unique bitstrings in 0.1s
    QSCI N=2: E=-1.137284 Ha (0.0s)
    QSCI N=2: E=-1.137284 Ha (0.0s)
    QSCI N=2: E=-1.137284 Ha (0.0s)
    QSCI N=2: E=-1.137284 Ha (0.0s)
  Bond dimension D=128...
    Sampled 2 unique bitstrings in 0.0s
    QSCI N=2: E=-1.137284 Ha (0.0s)
    QSCI N=2: E=-1.137284 Ha (0.0s)
    QSCI N=2: E=-1.137284 Ha (0.0s)
    QSCI N=2: E=-1.137284 Ha (0.0s)
  Bond dimension D=256...
    Sampled 2 unique bitstrings in 0.0s
    QSCI N=2: E=-1.137284 Ha (0.0s)
    QSCI N=2: E=-1.137284 Ha (0.0s)
    QSCI N=2: E=-1.137284 Ha (0.0s)
    QSCI N=2: E=-1.137284 Ha (0.0s)

[2/7] lih (12 qubits, 631 terms)
  Bond dimension D=64...
    Added HF determinant: 000000001111
    Sampled 4 unique bitstrings in 0.0s
    QSCI N=4: E=-7.861865 Ha (0.0s)
    QSCI N=4: E=-7.861865 Ha (0.0s)
    QSCI N=4: E=-7.861865 Ha (0.0s)
    QSCI N=4: E=-7.861865 Ha (0.0s)
  Bond dimension D=128...
    Added HF determinant: 000000001111
    Sampled 4 unique bitstrings in 0.0s
    QSCI N=4: E=-7.861865 Ha (0.0s)
    QSCI N=4: E=-7.861865 Ha (0.0s)
    QSCI N=4: E=-7.861865 Ha (0.0s)
    QSCI N=4: E=-7.861865 Ha (0.0s)
  Bond dimension D=256...
    Added HF determinant: 000000001111
    Sampled 4 unique bitstrings in 0.0s
    QSCI N=4: E=-7.861865 Ha (0.0s)
    QSCI N=4: E=-7.861865 Ha (0.0s)
    QSCI N=4: E=-7.861865 Ha (0.0s)
    QSCI N=4: E=-7.861865 Ha (0.0s)

[3/7] beh2 (14 qubits, 666 terms)
  Bond dimension D=64...
    Added HF determinant: 00000000111111
    Sampled 15 unique bitstrings in 0.0s
    QSCI N=15: E=-15.561278 Ha (0.0s)
    QSCI N=15: E=-15.561278 Ha (0.0s)
    QSCI N=15: E=-15.561278 Ha (0.0s)
    QSCI N=15: E=-15.561278 Ha (0.0s)
  Bond dimension D=128...
    Added HF determinant: 00000000111111
    Sampled 15 unique bitstrings in 0.0s
    QSCI N=15: E=-15.561278 Ha (0.0s)
    QSCI N=15: E=-15.561278 Ha (0.0s)
    QSCI N=15: E=-15.561278 Ha (0.0s)
    QSCI N=15: E=-15.561278 Ha (0.0s)
  Bond dimension D=256...
    Added HF determinant: 00000000111111
    Sampled 15 unique bitstrings in 0.0s
    QSCI N=15: E=-15.561278 Ha (0.0s)
    QSCI N=15: E=-15.561278 Ha (0.0s)
    QSCI N=15: E=-15.561278 Ha (0.0s)
    QSCI N=15: E=-15.561278 Ha (0.0s)

[4/7] n2 (20 qubits, 2951 terms)
  Bond dimension D=64...
    Added HF determinant: 00000011111111111111
    Sampled 20 unique bitstrings in 0.0s
    QSCI N=20: E=-107.496501 Ha (0.0s)
    QSCI N=20: E=-107.496501 Ha (0.0s)
    QSCI N=20: E=-107.496501 Ha (0.0s)
    QSCI N=20: E=-107.496501 Ha (0.0s)
  Bond dimension D=128...
    Added HF determinant: 00000011111111111111
    Sampled 20 unique bitstrings in 0.0s
    QSCI N=20: E=-107.496501 Ha (0.0s)
    QSCI N=20: E=-107.496501 Ha (0.0s)
    QSCI N=20: E=-107.496501 Ha (0.0s)
    QSCI N=20: E=-107.496501 Ha (0.0s)
  Bond dimension D=256...
    Added HF determinant: 00000011111111111111
    Sampled 20 unique bitstrings in 0.0s
    QSCI N=20: E=-107.496501 Ha (0.0s)
    QSCI N=20: E=-107.496501 Ha (0.0s)
    QSCI N=20: E=-107.496501 Ha (0.0s)
    QSCI N=20: E=-107.496501 Ha (0.0s)

[5/7] formaldehyde (24 qubits, 9257 terms)
  Bond dimension D=64...
    Added HF determinant: 000000001111111111111111
    Sampled 20 unique bitstrings in 0.0s
    QSCI N=20: E=-112.352446 Ha (0.1s)
    QSCI N=20: E=-112.352446 Ha (0.1s)
    QSCI N=20: E=-112.352446 Ha (0.1s)
    QSCI N=20: E=-112.352446 Ha (0.1s)
  Bond dimension D=128...
    Added HF determinant: 000000001111111111111111
    Sampled 20 unique bitstrings in 0.0s
    QSCI N=20: E=-112.352446 Ha (0.1s)
    QSCI N=20: E=-112.352446 Ha (0.1s)
    QSCI N=20: E=-112.352446 Ha (0.1s)
    QSCI N=20: E=-112.352446 Ha (0.1s)
  Bond dimension D=256...
    Added HF determinant: 000000001111111111111111
    Sampled 20 unique bitstrings in 0.0s
    QSCI N=20: E=-112.352446 Ha (0.1s)
    QSCI N=20: E=-112.352446 Ha (0.1s)
    QSCI N=20: E=-112.352446 Ha (0.1s)
    QSCI N=20: E=-112.352446 Ha (0.1s)

[6/7] ethylene (28 qubits, 8919 terms)
    Skipping HF energy for 28q (too large for statevector)
  Bond dimension D=64...
    Added HF determinant: 0000000000001111111111111111
    Sampled 54 unique bitstrings in 13.7s
    QSCI N=54: E=-77.070316 Ha (0.1s)
    QSCI N=54: E=-77.070316 Ha (0.1s)
    QSCI N=54: E=-77.070316 Ha (0.1s)
    QSCI N=54: E=-77.070316 Ha (0.1s)
  Bond dimension D=128...
    Added HF determinant: 0000000000001111111111111111
    Sampled 54 unique bitstrings in 13.2s
    QSCI N=54: E=-77.070316 Ha (0.1s)
    QSCI N=54: E=-77.070316 Ha (0.1s)
    QSCI N=54: E=-77.070316 Ha (0.1s)
    QSCI N=54: E=-77.070316 Ha (0.1s)
  Bond dimension D=256...
    Added HF determinant: 0000000000001111111111111111
    Sampled 54 unique bitstrings in 13.2s
    QSCI N=54: E=-77.070316 Ha (0.1s)
    QSCI N=54: E=-77.070316 Ha (0.1s)
    QSCI N=54: E=-77.070316 Ha (0.1s)
    QSCI N=54: E=-77.070316 Ha (0.1s)

[7/7] benzene_cas20 (40 qubits, 29897 terms)
    Skipping HF energy for 40q (too large for statevector)
  Bond dimension D=64...
    Added HF determinant: 0000000000000000000000000000111111111111
    Sampled 34 unique bitstrings in 18.7s
    QSCI N=34: E=-227.890091 Ha (0.3s)
    QSCI N=34: E=-227.890091 Ha (0.3s)
    QSCI N=34: E=-227.890091 Ha (0.3s)
    QSCI N=34: E=-227.890091 Ha (0.3s)
  Bond dimension D=128...
    Added HF determinant: 0000000000000000000000000000111111111111
    Sampled 34 unique bitstrings in 18.6s
    QSCI N=34: E=-227.890091 Ha (0.3s)
    QSCI N=34: E=-227.890091 Ha (0.3s)
    QSCI N=34: E=-227.890091 Ha (0.3s)
    QSCI N=34: E=-227.890091 Ha (0.3s)
  Bond dimension D=256...
    Added HF determinant: 0000000000000000000000000000111111111111
    Sampled 34 unique bitstrings in 18.6s
    QSCI N=34: E=-227.890091 Ha (0.3s)
    QSCI N=34: E=-227.890091 Ha (0.3s)
    QSCI N=34: E=-227.890091 Ha (0.3s)
    QSCI N=34: E=-227.890091 Ha (0.3s)

Saved QSCI scaling results to results/phase3_final/qsci/qsci_hcgqe_scaling_results.json

=== QSCI Complete ===
Finished: Sun 26 Jul 04:36:08 BST 2026
